###############################################################################
#
# IAR ELF Linker V3.11.1.207 for STM8                     24/Oct/2023  13:48:19
# Copyright 2010-2019 IAR Systems AB.
#
#    Output file  =  
#        D:\Work\Projects STM8\program_6_6_2023\Debug\Exe\TatDenXe.out
#    Map file     =  
#        D:\Work\Projects STM8\program_6_6_2023\Debug\List\TatDenXe.map
#    Command line =  
#        -f C:\Users\ASUS\AppData\Local\Temp\EW6B21.tmp ("D:\Work\Projects
#        STM8\program_6_6_2023\Debug\Obj\main.o" --redirect
#        _Printf=_PrintfFullNoMb --redirect _Scanf=_ScanfFullNoMb
#        --no_out_extension -o "D:\Work\Projects
#        STM8\program_6_6_2023\Debug\Exe\TatDenXe.out" --map "D:\Work\Projects
#        STM8\program_6_6_2023\Debug\List\TatDenXe.map" --config "C:\Program
#        Files (x86)\IAR Systems\Embedded Workbench
#        8.3\stm8\config\lnkstm8s003f3.icf" --config_def _CSTACK_SIZE=0x100
#        --config_def _HEAP_SIZE=0x100 --entry __iar_program_start --debug_lib)
#
###############################################################################

*******************************************************************************
*** RUNTIME MODEL ATTRIBUTES
***

__SystemLibrary            = DLib
__code_model               = small
__core                     = stm8
__data_model               = medium
__dlib_file_descriptor     = 0
__dlib_full_locale_support = 0
__rt_version               = 4


*******************************************************************************
*** PLACEMENT SUMMARY
***

"A0":  place at start of [0x000000-0x0000ff] { rw section .vregs };
"A1":  place at end of [0x000000-0x0003ff] { block CSTACK };
"P2":  place in [from 0x000000 to 0x0003ff] {
          block HEAP, rw section __DLIB_PERTHREAD, rw section .far.bss,
          rw section .far.data, rw section .far.noinit,
          rw section .far_func.textrw, rw section .huge.bss,
          rw section .huge.data, rw section .huge.noinit,
          rw section .huge_func.textrw, rw section .iar.dynexit,
          rw section .near.bss, rw section .near.data, rw section .near.noinit,
          rw section .near_func.textrw };
"A2":  place at start of [0x008000-0x009fff] { block INTVEC };
"P3":  place in [from 0x008000 to 0x009fff] {
          ro section __DLIB_PERTHREAD_init, ro section .far.data_init,
          ro section .far_func.textrw_init, ro section .huge.data_init,
          ro section .huge_func.textrw_init, ro section .iar.init_table,
          ro section .init_array, ro section .near.data_init,
          ro section .near.rodata, ro section .near_func.text,
          ro section .near_func.textrw_init, ro section .tiny.data_init,
          ro section .tiny.rodata_init };
"P4":  place in [from 0x008000 to 0x009fff] {
          ro section .far.rodata, ro section .far_func.text };
"P5":  place in [from 0x008000 to 0x009fff] {
          ro section .huge.rodata, ro section .huge_func.text };
do not initialize {
   rw section .eeprom.noinit, rw section .far.noinit, rw section .huge.noinit,
   rw section .near.noinit, rw section .tiny.noinit, rw section .vregs };
initialize by copy {
   rw section .far.bss, rw section .far.data, rw section .far_func.textrw,
   rw section .huge.bss, rw section .huge.data, rw section .huge_func.textrw,
   rw section .iar.dynexit, rw section .near.bss, rw section .near.data,
   rw section .near_func.textrw, rw section .tiny.bss, rw section .tiny.data,
   ro section .tiny.rodata };

No sections matched the following patterns:

  ro section .far.data_init          in "P3-P5"
  ro section .far.rodata             in "P3-P5"
  ro section .far_func.text          in "P3-P5"
  ro section .far_func.textrw_init   in "P3-P5"
  ro section .huge.data_init         in "P3-P5"
  ro section .huge.rodata            in "P3-P5"
  ro section .huge_func.text         in "P3-P5"
  ro section .huge_func.textrw_init  in "P3-P5"
  ro section .iar.init_table         in "P3-P5"
  ro section .init_array             in "P3-P5"
  ro section .near_func.textrw_init  in "P3-P5"
  ro section .tiny.data_init         in "P3-P5"
  ro section .tiny.rodata_init       in "P3-P5"
  ro section __DLIB_PERTHREAD_init   in "P3-P5"
  rw section .far.bss                in "P2"
  rw section .far.data               in "P2"
  rw section .far.noinit             in "P2"
  rw section .far_func.textrw        in "P2"
  rw section .huge.bss               in "P2"
  rw section .huge.data              in "P2"
  rw section .huge.noinit            in "P2"
  rw section .huge_func.textrw       in "P2"
  rw section .iar.dynexit            in "P2"
  rw section .near.noinit            in "P2"
  rw section .near_func.textrw       in "P2"
  rw section .tiny.bss               in "P1"
  rw section .tiny.data              in "P1"
  rw section .tiny.noinit            in "P1"
  rw section .tiny.rodata            in "P1"
  rw section __DLIB_PERTHREAD        in "P2"
  section .eeprom.data               in "P6-P8"
  section .eeprom.noinit             in "P6-P8"
  section .eeprom.rodata             in "P6-P8"


  Section            Kind      Address   Size  Object
  -------            ----      -------   ----  ------
"A0":                                     0xc
  .vregs             uninit   0x000000    0xc  vregs.o [4]
                            - 0x00000c    0xc

"P2":                                    0x22
  P2-1                        0x00000c   0x22  <Init block>
    .near.data       inited   0x00000c    0x1  main.o [1]
    .near.data       inited   0x00000d    0x2  main.o [1]
    .near.data       inited   0x00000f    0xb  main.o [1]
    .near.bss        inited   0x00001a    0x1  main.o [1]
    .near.bss        inited   0x00001b    0x1  main.o [1]
    .near.bss        inited   0x00001c    0x1  main.o [1]
    .near.bss        inited   0x00001d    0x1  main.o [1]
    .near.bss        inited   0x00001e    0x1  main.o [1]
    .near.bss        inited   0x00001f    0x2  main.o [1]
    .near.bss        inited   0x000021    0x2  main.o [1]
    .near.bss        inited   0x000023    0x1  main.o [1]
    .near.bss        inited   0x000024    0x2  main.o [1]
    .near.bss        inited   0x000026    0x1  main.o [1]
    .near.bss        inited   0x000027    0x1  main.o [1]
    .near.bss        inited   0x000028    0x1  main.o [1]
    .near.bss        inited   0x000029    0x2  main.o [1]
    .near.bss        inited   0x00002b    0x2  main.o [1]
    .near.bss        inited   0x00002d    0x1  main.o [1]
                            - 0x00002e   0x22

"A1":                                   0x100
  CSTACK                      0x000300  0x100  <Block>
    CSTACK           uninit   0x000300  0x100  <Block tail>
                            - 0x000400  0x100

Absolute sections, part 1 of 10:          0x6
  .near.noinit       uninit   0x005000    0x1  main.o [1]
  .near.noinit       uninit   0x005001    0x1  main.o [1]
  .near.noinit       uninit   0x005002    0x1  main.o [1]
  .near.noinit       uninit   0x005003    0x1  main.o [1]
  .near.noinit       uninit   0x005004    0x1  main.o [1]
  .near.noinit       uninit   0x005005    0x1  main.o [1]
                            - 0x005006    0x6

Absolute sections, part 2 of 10:          0x4
  .near.noinit       uninit   0x005007    0x1  main.o [1]
  .near.noinit       uninit   0x005008    0x1  main.o [1]
  .near.noinit       uninit   0x005009    0x1  main.o [1]
  .near.noinit       uninit   0x00500a    0x1  main.o [1]
                            - 0x00500b    0x4

Absolute sections, part 3 of 10:          0x8
  .near.noinit       uninit   0x00500c    0x1  main.o [1]
  .near.noinit       uninit   0x00500d    0x1  main.o [1]
  .near.noinit       uninit   0x00500e    0x1  main.o [1]
  .near.noinit       uninit   0x00500f    0x1  main.o [1]
  .near.noinit       uninit   0x005010    0x1  main.o [1]
  .near.noinit       uninit   0x005011    0x1  main.o [1]
  .near.noinit       uninit   0x005012    0x1  main.o [1]
  .near.noinit       uninit   0x005013    0x1  main.o [1]
                            - 0x005014    0x8

Absolute sections, part 4 of 10:          0x2
  .near.noinit       uninit   0x0050c0    0x1  main.o [1]
  .near.noinit       uninit   0x0050c1    0x1  main.o [1]
                            - 0x0050c2    0x2

Absolute sections, part 5 of 10:          0x2
  .near.noinit       uninit   0x0050c5    0x1  main.o [1]
  .near.noinit       uninit   0x0050c6    0x1  main.o [1]
                            - 0x0050c7    0x2

Absolute sections, part 6 of 10:          0x3
  .near.noinit       uninit   0x0050e0    0x1  main.o [1]
  .near.noinit       uninit   0x0050e1    0x1  main.o [1]
  .near.noinit       uninit   0x0050e2    0x1  main.o [1]
                            - 0x0050e3    0x3

Absolute sections, part 7 of 10:          0x1
  .near.noinit       uninit   0x005300    0x1  main.o [1]
                            - 0x005301    0x1

Absolute sections, part 8 of 10:          0x2
  .near.noinit       uninit   0x005303    0x1  main.o [1]
  .near.noinit       uninit   0x005304    0x1  main.o [1]
                            - 0x005305    0x2

Absolute sections, part 9 of 10:          0x1
  .near.noinit       uninit   0x005306    0x1  main.o [1]
                            - 0x005307    0x1

Absolute sections, part 10 of 10:         0x3
  .near.noinit       uninit   0x00530c    0x1  main.o [1]
  .near.noinit       uninit   0x00530d    0x1  main.o [1]
  .near.noinit       uninit   0x00530e    0x1  main.o [1]
                            - 0x00530f    0x3

"A2":                                    0x80
  INTVEC                      0x008000   0x80  <Block>
    .intvec          const    0x008000   0x80  interrupt.o [4]
                            - 0x008080   0x80

"P3-P5":                                0xe0e
  .near.rodata       const    0x008080  0x960  main.o [1]
  .near_func.text    ro code  0x0089e0  0x172  main.o [1]
  .near_func.text    ro code  0x008b52   0x80  main.o [1]
  .near_func.text    ro code  0x008bd2   0x55  main.o [1]
  .near_func.text    ro code  0x008c27   0x46  main.o [1]
  .near_func.text    ro code  0x008c6d   0x44  main.o [1]
  .near_func.text    ro code  0x008cb1   0x3b  main.o [1]
  .near_func.text    ro code  0x008cec   0x2e  short.o [4]
  .near_func.text    ro code  0x008d1a   0x2b  main.o [1]
  .near_func.text    ro code  0x008d45   0x28  init_small.o [4]
  .near_func.text    ro code  0x008d6d   0x26  main.o [1]
  Initializer bytes  const    0x008d93   0x22  <for P2-1>
  .iar.init_table    const    0x008db5    0xa  - Linker created -
  .near_func.text    ro code  0x008dbf   0x1a  main.o [1]
  .near_func.text    ro code  0x008dd9   0x18  vreg_util.o [4]
  .near_func.text    ro code  0x008df1   0x16  main.o [1]
  .near_func.text    ro code  0x008e07   0x15  main.o [1]
  .near_func.text    ro code  0x008e1c   0x15  main.o [1]
  .near_func.text    ro code  0x008e31   0x14  init.o [4]
  .near_func.text    ro code  0x008e45   0x14  __dbg_xxexit.o [3]
  .near_func.text    ro code  0x008e59   0x13  cstartup.o [4]
  .near_func.text    ro code  0x008e6c    0xf  main.o [1]
  .near_func.text    ro code  0x008e7b    0x5  cexit.o [4]
  .near_func.text    ro code  0x008e80    0x3  interrupt.o [4]
  .near_func.text    ro code  0x008e83    0x3  low_level_init.o [4]
  .near_func.text    ro code  0x008e86    0x3  exit.o [4]
  .near_func.text    ro code  0x008e89    0x3  unhandled_exception.o [4]
  .near_func.text    ro code  0x008e8c    0x1  main.o [1]
  .near_func.text    ro code  0x008e8d    0x1  __dbg_break.o [3]
                            - 0x008e8e  0xe0e


*******************************************************************************
*** INIT TABLE
***

          Address   Size
          -------   ----
Copy (__iar_copy_init2)
    1 source range, total size 0x22:
          0x008d93  0x22
    1 destination range, total size 0x22:
          0x00000c  0x22



*******************************************************************************
*** MODULE SUMMARY
***

    Module                 ro code  ro data  rw data  rw data
                                                       (abs)
    ------                 -------  -------  -------  -------
D:\Work\Projects STM8\program_6_6_2023\Debug\Obj: [1]
    main.o                     967    2 434       34       32
    ---------------------------------------------------------
    Total:                     967    2 434       34       32

command line: [2]
    ---------------------------------------------------------
    Total:

dbgstm8smd.a: [3]
    __dbg_break.o                1
    __dbg_xxexit.o              20
    ---------------------------------------------------------
    Total:                      21

dlstm8smn.a: [4]
    cexit.o                      5
    cstartup.o                  19
    exit.o                       3
    init.o                      20
    init_small.o                40
    interrupt.o                  3      128
    low_level_init.o             3
    short.o                     46
    unhandled_exception.o        3
    vreg_util.o                 24
    vregs.o                                       12
    ---------------------------------------------------------
    Total:                     166      128       12

    Linker created                       10      256
-------------------------------------------------------------
    Grand Total:             1 154    2 572      302       32


*******************************************************************************
*** ENTRY LIST
***

Entry                    Address   Size  Type      Object
-----                    -------   ----  ----      ------
.iar.init_table$$Base   0x008db5          --   Gb  - Linker created -
.iar.init_table$$Limit  0x008dbf          --   Gb  - Linker created -
?b0                     0x000000         Data  Gb  vregs.o [4]
?b1                     0x000001         Data  Gb  vregs.o [4]
?b10                    0x00000a         Data  Gb  vregs.o [4]
?b11                    0x00000b         Data  Gb  vregs.o [4]
?b2                     0x000002         Data  Gb  vregs.o [4]
?b3                     0x000003         Data  Gb  vregs.o [4]
?b4                     0x000004         Data  Gb  vregs.o [4]
?b5                     0x000005         Data  Gb  vregs.o [4]
?b6                     0x000006         Data  Gb  vregs.o [4]
?b7                     0x000007         Data  Gb  vregs.o [4]
?b8                     0x000008         Data  Gb  vregs.o [4]
?b9                     0x000009         Data  Gb  vregs.o [4]
?e0                     0x000001         Data  Gb  vregs.o [4]
?e1                     0x000005         Data  Gb  vregs.o [4]
?e2                     0x000009         Data  Gb  vregs.o [4]
?l0                     0x000000         Data  Gb  vregs.o [4]
?l1                     0x000004         Data  Gb  vregs.o [4]
?l2                     0x000008         Data  Gb  vregs.o [4]
?mul16_x_x_w0           0x008cec         Code  Gb  short.o [4]
?push_w4                0x008dd9         Code  Gb  vreg_util.o [4]
?smod16_y_x_y           0x008d0a         Code  Gb  short.o [4]
?w0                     0x000000         Data  Gb  vregs.o [4]
?w1                     0x000002         Data  Gb  vregs.o [4]
?w2                     0x000004         Data  Gb  vregs.o [4]
?w3                     0x000006         Data  Gb  vregs.o [4]
?w4                     0x000008         Data  Gb  vregs.o [4]
?w5                     0x00000a         Data  Gb  vregs.o [4]
CSTACK$$Base            0x000300          --   Gb  - Linker created -
CSTACK$$Limit           0x000400          --   Gb  - Linker created -
CntDelaySec             0x00001f    0x2  Data  Gb  main.o [1]
CntDelay_Msec           0x000024    0x2  Data  Gb  main.o [1]
CntNoteH                0x000029    0x2  Data  Gb  main.o [1]
Display7Segment         0x008c27   0x46  Code  Gb  main.o [1]
DisplayNumber           0x008dbf   0x1a  Code  Gb  main.o [1]
FLASH_SetProgrammingTime
                        0x008e6c    0xf  Code  Gb  main.o [1]
FLASH_Unlock            0x008df1   0x16  Code  Gb  main.o [1]
FlagDelaySec            0x00001e    0x1  Data  Gb  main.o [1]
FlagDelay_Msec          0x000023    0x1  Data  Gb  main.o [1]
FlagEnd                 0x00000c    0x1  Data  Gb  main.o [1]
FlagPause               0x00001d    0x1  Data  Gb  main.o [1]
FlagRun                 0x00001c    0x1  Data  Gb  main.o [1]
FlagSW1                 0x00001a    0x1  Data  Gb  main.o [1]
FlagSW2                 0x00001b    0x1  Data  Gb  main.o [1]
HSI_Init                0x008d1a   0x2b  Code  Gb  main.o [1]
INTVEC$$Base            0x008000          --   Gb  - Linker created -
INTVEC$$Limit           0x008080          --   Gb  - Linker created -
IWDG_KR                 0x0050e0    0x1  Data  Gb  main.o [1]
IWDG_RLR                0x0050e2    0x1  Data  Gb  main.o [1]
IndexOf7Segment         0x000028    0x1  Data  Gb  main.o [1]
Init_Port               0x008bd2   0x55  Code  Gb  main.o [1]
Init_Timer2             0x008d6d   0x26  Code  Gb  main.o [1]
Init_WatchDog           0x008e07   0x15  Code  Gb  main.o [1]
Input_Process           0x0089e0  0x172  Code  Gb  main.o [1]
Led1                    0x000026    0x1  Data  Gb  main.o [1]
Led2                    0x000027    0x1  Data  Gb  main.o [1]
Main_Process            0x008e8c    0x1  Code  Gb  main.o [1]
NumNoteH                0x00002b    0x2  Data  Gb  main.o [1]
Number                  0x00000d    0x2  Data  Gb  main.o [1]
OutLed                  0x008b52   0x80  Code  Gb  main.o [1]
Region$$Table$$Base     0x008db5          --   Gb  - Linker created -
Region$$Table$$Limit    0x008dbf          --   Gb  - Linker created -
TIM2_CNTRH              0x00530c    0x1  Data  Gb  main.o [1]
TIM2_CNTRL              0x00530d    0x1  Data  Gb  main.o [1]
Table                   0x00000f    0xb  Data  Gb  main.o [1]
TableTimeH              0x008080  0x960  Data  Gb  main.o [1]
Timer2_ISR              0x008e1c   0x15  Code  Gb  main.o [1]
Vitual_Timer            0x008c6d   0x44  Code  Gb  main.o [1]
_A_CLK_CKDIVR           0x0050c6    0x1  Data  Gb  main.o [1]
_A_CLK_ECKR             0x0050c1    0x1  Data  Gb  main.o [1]
_A_CLK_ICKR             0x0050c0    0x1  Data  Gb  main.o [1]
_A_CLK_SWCR             0x0050c5    0x1  Data  Gb  main.o [1]
_A_IWDG_PR              0x0050e1    0x1  Data  Gb  main.o [1]
_A_PA_CR1               0x005003    0x1  Data  Gb  main.o [1]
_A_PA_CR2               0x005004    0x1  Data  Gb  main.o [1]
_A_PA_DDR               0x005002    0x1  Data  Gb  main.o [1]
_A_PA_IDR               0x005001    0x1  Data  Gb  main.o [1]
_A_PA_ODR               0x005000    0x1  Data  Gb  main.o [1]
_A_PB_CR1               0x005008    0x1  Data  Gb  main.o [1]
_A_PB_CR2               0x005009    0x1  Data  Gb  main.o [1]
_A_PB_DDR               0x005007    0x1  Data  Gb  main.o [1]
_A_PB_ODR               0x005005    0x1  Data  Gb  main.o [1]
_A_PC_CR1               0x00500d    0x1  Data  Gb  main.o [1]
_A_PC_CR2               0x00500e    0x1  Data  Gb  main.o [1]
_A_PC_DDR               0x00500c    0x1  Data  Gb  main.o [1]
_A_PC_ODR               0x00500a    0x1  Data  Gb  main.o [1]
_A_PD_CR1               0x005012    0x1  Data  Gb  main.o [1]
_A_PD_CR2               0x005013    0x1  Data  Gb  main.o [1]
_A_PD_DDR               0x005011    0x1  Data  Gb  main.o [1]
_A_PD_IDR               0x005010    0x1  Data  Gb  main.o [1]
_A_PD_ODR               0x00500f    0x1  Data  Gb  main.o [1]
_A_TIM2_CR1             0x005300    0x1  Data  Gb  main.o [1]
_A_TIM2_EGR             0x005306    0x1  Data  Gb  main.o [1]
_A_TIM2_IER             0x005303    0x1  Data  Gb  main.o [1]
_A_TIM2_PSCR            0x00530e    0x1  Data  Gb  main.o [1]
_A_TIM2_SR1             0x005304    0x1  Data  Gb  main.o [1]
__DebugBreak            0x008e8d    0x1  Code  Gb  __dbg_break.o [3]
__exit                  0x008e45   0x14  Code  Gb  __dbg_xxexit.o [3]
__iar_copy_init2        0x008d45         Code  Gb  init_small.o [4]
__iar_data_init2        0x008e31   0x14  Code  Gb  init.o [4]
__iar_program_start     0x008e59         Code  Gb  cstartup.o [4]
__iar_unhandled_exception
                        0x008e89         Code  Gb  unhandled_exception.o [4]
__intvec                0x008000         Data  Gb  interrupt.o [4]
__low_level_init        0x008e83    0x3  Code  Gb  low_level_init.o [4]
_exit                   0x008e7b         Code  Gb  cexit.o [4]
_interrupt_15           0x008e1c         Code  Gb  main.o [1]
cnt0                    0x000021    0x2  Data  Gb  main.o [1]
exit                    0x008e86    0x3  Code  Gb  exit.o [4]
main                    0x008cb1   0x3b  Code  Gb  main.o [1]
tick                    0x00002d    0x1  Data  Gb  main.o [1]


[1] = D:\Work\Projects STM8\program_6_6_2023\Debug\Obj
[2] = command line
[3] = dbgstm8smd.a
[4] = dlstm8smn.a

  1 154 bytes of readonly  code memory
  2 572 bytes of readonly  data memory
    302 bytes of readwrite data memory (+ 32 absolute)

Errors: none
Warnings: none
